// Jest Snapshot v1, https://goo.gl/fbAQLP

exports[`should test TodoLists component with default state of array 1`] = `
<div
  className="feedback-list"
>
  <AnimatePresence>
    <ForwardRef(MotionComponent)
      animate={
        Object {
          "opacity": 1,
        }
      }
      exit={
        Object {
          "opacity": 0,
        }
      }
      initial={
        Object {
          "opacity": 0,
        }
      }
      key="1"
    >
      <FeedbackItem
        item={
          Object {
            "id": 1,
            "rating": 10,
            "text": "Lorem ipsum dolor sit amet consectetur adipisicing elit. consequuntur vel vitae commodi alias voluptatem est voluptatum ipsa quae.",
          }
        }
        key="1"
      />
    </ForwardRef(MotionComponent)>
    <ForwardRef(MotionComponent)
      animate={
        Object {
          "opacity": 1,
        }
      }
      exit={
        Object {
          "opacity": 0,
        }
      }
      initial={
        Object {
          "opacity": 0,
        }
      }
      key="2"
    >
      <FeedbackItem
        item={
          Object {
            "id": 2,
            "rating": 9,
            "text": "Lorem ipsum dolor sit amet consectetur adipisicing elit. consequuntur vel vitae commodi alias voluptatem est voluptatum ipsa quae.",
          }
        }
        key="2"
      />
    </ForwardRef(MotionComponent)>
    <ForwardRef(MotionComponent)
      animate={
        Object {
          "opacity": 1,
        }
      }
      exit={
        Object {
          "opacity": 0,
        }
      }
      initial={
        Object {
          "opacity": 0,
        }
      }
      key="3"
    >
      <FeedbackItem
        item={
          Object {
            "id": 3,
            "rating": 8,
            "text": "Lorem ipsum dolor sit amet consectetur adipisicing elit. consequuntur vel vitae commodi alias voluptatem est voluptatum ipsa quae.",
          }
        }
        key="3"
      />
    </ForwardRef(MotionComponent)>
  </AnimatePresence>
</div>
`;
